br\com\faeterj\estagio\model\RelatorioEstagio.class
br\com\faeterj\estagio\servlet\MinhasVagasServlet.class
br\com\faeterj\estagio\model\Usuario.class
br\com\faeterj\estagio\servlet\ListarEmpresasServlet.class
br\com\faeterj\estagio\dao\empresa.class
br\com\faeterj\estagio\model\Aluno.class
br\com\faeterj\estagio\servlet\CadastroServlet.class
br\com\faeterj\estagio\model\Notificacao.class
br\com\faeterj\estagio\model\Candidatura.class
br\com\faeterj\estagio\servlet\AprovarConveniosServlet.class
br\com\faeterj\estagio\servlet\GerenciarCandidaturasServlet.class
br\com\faeterj\estagio\servlet\LoginServlet.class
br\com\faeterj\estagio\dao\AlunoDAO.class
br\com\faeterj\estagio\servlet\AlunoVagasServlet.class
br\com\faeterj\estagio\servlet\DashboardServlet.class
br\com\faeterj\estagio\servlet\SecretariaDashboardServlet.class
br\com\faeterj\estagio\servlet\CriarVagaServlet.class
br\com\faeterj\estagio\servlet\VerCandidatosServlet.class
br\com\faeterj\estagio\dao\SolicitacaoConvenioDAO.class
br\com\faeterj\estagio\servlet\ConfiguracoesServlet.class
br\com\faeterj\estagio\dao\VagaDAO.class
br\com\faeterj\estagio\dao\RelatorioDAO.class
br\com\faeterj\estagio\dao\UsuarioDAO.class
br\com\faeterj\estagio\servlet\AprovarVagasServlet.class
br\com\faeterj\estagio\servlet\AlunoDashboardServlet.class
br\com\faeterj\estagio\servlet\MinhasCandidaturasServlet.class
br\com\faeterj\estagio\servlet\ValidarRelatoriosServlet.class
br\com\faeterj\estagio\servlet\AlunoRelatoriosServlet.class
br\com\faeterj\estagio\servlet\ListarAlunosServlet.class
br\com\faeterj\estagio\servlet\SolicitarConvenioServlet.class
br\com\faeterj\estagio\dao\DataSourceProvider.class
br\com\faeterj\estagio\model\Vaga.class
br\com\faeterj\estagio\servlet\AlunoPerfilServlet.class
br\com\faeterj\estagio\dao\CandidaturaDAO.class
br\com\faeterj\estagio\model\SolicitacaoConvenio.class
br\com\faeterj\estagio\servlet\CandidaturaServlet.class
