C:\Users\Lg\Downloads\sistema-estagio-psw\src\main\java\br\com\faeterj\estagio\dao\AlunoDAO.java
C:\Users\Lg\Downloads\sistema-estagio-psw\src\main\java\br\com\faeterj\estagio\dao\CandidaturaDAO.java
C:\Users\Lg\Downloads\sistema-estagio-psw\src\main\java\br\com\faeterj\estagio\dao\DataSourceProvider.java
C:\Users\Lg\Downloads\sistema-estagio-psw\src\main\java\br\com\faeterj\estagio\dao\empresa.java
C:\Users\Lg\Downloads\sistema-estagio-psw\src\main\java\br\com\faeterj\estagio\dao\RelatorioDAO.java
C:\Users\Lg\Downloads\sistema-estagio-psw\src\main\java\br\com\faeterj\estagio\dao\SolicitacaoConvenioDAO.java
C:\Users\Lg\Downloads\sistema-estagio-psw\src\main\java\br\com\faeterj\estagio\dao\UsuarioDAO.java
C:\Users\Lg\Downloads\sistema-estagio-psw\src\main\java\br\com\faeterj\estagio\dao\VagaDAO.java
C:\Users\Lg\Downloads\sistema-estagio-psw\src\main\java\br\com\faeterj\estagio\model\Aluno.java
C:\Users\Lg\Downloads\sistema-estagio-psw\src\main\java\br\com\faeterj\estagio\model\Candidatura.java
C:\Users\Lg\Downloads\sistema-estagio-psw\src\main\java\br\com\faeterj\estagio\model\Notificacao.java
C:\Users\Lg\Downloads\sistema-estagio-psw\src\main\java\br\com\faeterj\estagio\model\RelatorioEstagio.java
C:\Users\Lg\Downloads\sistema-estagio-psw\src\main\java\br\com\faeterj\estagio\model\SolicitacaoConvenio.java
C:\Users\Lg\Downloads\sistema-estagio-psw\src\main\java\br\com\faeterj\estagio\model\Usuario.java
C:\Users\Lg\Downloads\sistema-estagio-psw\src\main\java\br\com\faeterj\estagio\model\Vaga.java
C:\Users\Lg\Downloads\sistema-estagio-psw\src\main\java\br\com\faeterj\estagio\servlet\AlunoDashboardServlet.java
C:\Users\Lg\Downloads\sistema-estagio-psw\src\main\java\br\com\faeterj\estagio\servlet\AlunoPerfilServlet.java
C:\Users\Lg\Downloads\sistema-estagio-psw\src\main\java\br\com\faeterj\estagio\servlet\AlunoRelatoriosServlet.java
C:\Users\Lg\Downloads\sistema-estagio-psw\src\main\java\br\com\faeterj\estagio\servlet\AlunoVagasServlet.java
C:\Users\Lg\Downloads\sistema-estagio-psw\src\main\java\br\com\faeterj\estagio\servlet\AprovarConveniosServlet.java
C:\Users\Lg\Downloads\sistema-estagio-psw\src\main\java\br\com\faeterj\estagio\servlet\AprovarVagasServlet.java
C:\Users\Lg\Downloads\sistema-estagio-psw\src\main\java\br\com\faeterj\estagio\servlet\CadastroServlet.java
C:\Users\Lg\Downloads\sistema-estagio-psw\src\main\java\br\com\faeterj\estagio\servlet\CandidaturaServlet.java
C:\Users\Lg\Downloads\sistema-estagio-psw\src\main\java\br\com\faeterj\estagio\servlet\ConfiguracoesServlet.java
C:\Users\Lg\Downloads\sistema-estagio-psw\src\main\java\br\com\faeterj\estagio\servlet\CriarVagaServlet.java
C:\Users\Lg\Downloads\sistema-estagio-psw\src\main\java\br\com\faeterj\estagio\servlet\DashboardServlet.java
C:\Users\Lg\Downloads\sistema-estagio-psw\src\main\java\br\com\faeterj\estagio\servlet\GerenciarCandidaturasServlet.java
C:\Users\Lg\Downloads\sistema-estagio-psw\src\main\java\br\com\faeterj\estagio\servlet\ListarAlunosServlet.java
C:\Users\Lg\Downloads\sistema-estagio-psw\src\main\java\br\com\faeterj\estagio\servlet\ListarEmpresasServlet.java
C:\Users\Lg\Downloads\sistema-estagio-psw\src\main\java\br\com\faeterj\estagio\servlet\LoginServlet.java
C:\Users\Lg\Downloads\sistema-estagio-psw\src\main\java\br\com\faeterj\estagio\servlet\MinhasCandidaturasServlet.java
C:\Users\Lg\Downloads\sistema-estagio-psw\src\main\java\br\com\faeterj\estagio\servlet\MinhasVagasServlet.java
C:\Users\Lg\Downloads\sistema-estagio-psw\src\main\java\br\com\faeterj\estagio\servlet\SecretariaDashboardServlet.java
C:\Users\Lg\Downloads\sistema-estagio-psw\src\main\java\br\com\faeterj\estagio\servlet\SolicitarConvenioServlet.java
C:\Users\Lg\Downloads\sistema-estagio-psw\src\main\java\br\com\faeterj\estagio\servlet\ValidarRelatoriosServlet.java
C:\Users\Lg\Downloads\sistema-estagio-psw\src\main\java\br\com\faeterj\estagio\servlet\VerCandidatosServlet.java
